Archive member included to satisfy reference by file (symbol)

/home/jklebes/.local/arm-gnu-toolchain-13.2.Rel1-x86_64-arm-none-eabi/bin/../lib/gcc/arm-none-eabi/13.2.1/thumb/v7e-m+fp/hard/libgcc.a(_aeabi_ldivmod.o)
                              ./objects/em_usart.o (__aeabi_ldivmod)
/home/jklebes/.local/arm-gnu-toolchain-13.2.Rel1-x86_64-arm-none-eabi/bin/../lib/gcc/arm-none-eabi/13.2.1/thumb/v7e-m+fp/hard/libgcc.a(_aeabi_uldivmod.o)
                              ./objects/em_usart.o (__aeabi_uldivmod)
/home/jklebes/.local/arm-gnu-toolchain-13.2.Rel1-x86_64-arm-none-eabi/bin/../lib/gcc/arm-none-eabi/13.2.1/thumb/v7e-m+fp/hard/libgcc.a(_udivmoddi4.o)
                              /home/jklebes/.local/arm-gnu-toolchain-13.2.Rel1-x86_64-arm-none-eabi/bin/../lib/gcc/arm-none-eabi/13.2.1/thumb/v7e-m+fp/hard/libgcc.a(_aeabi_ldivmod.o) (__udivmoddi4)
/home/jklebes/.local/arm-gnu-toolchain-13.2.Rel1-x86_64-arm-none-eabi/bin/../lib/gcc/arm-none-eabi/13.2.1/thumb/v7e-m+fp/hard/libgcc.a(_dvmd_tls.o)
                              /home/jklebes/.local/arm-gnu-toolchain-13.2.Rel1-x86_64-arm-none-eabi/bin/../lib/gcc/arm-none-eabi/13.2.1/thumb/v7e-m+fp/hard/libgcc.a(_aeabi_ldivmod.o) (__aeabi_ldiv0)
/home/jklebes/.local/arm-gnu-toolchain-13.2.Rel1-x86_64-arm-none-eabi/bin/../lib/gcc/arm-none-eabi/13.2.1/../../../../arm-none-eabi/lib/thumb/v7e-m+fp/hard/libc_nano.a(libc_a-exit.o)
                              /home/jklebes/.local/arm-gnu-toolchain-13.2.Rel1-x86_64-arm-none-eabi/bin/../lib/gcc/arm-none-eabi/13.2.1/../../../../arm-none-eabi/lib/thumb/v7e-m+fp/hard/crt0.o (exit)
/home/jklebes/.local/arm-gnu-toolchain-13.2.Rel1-x86_64-arm-none-eabi/bin/../lib/gcc/arm-none-eabi/13.2.1/../../../../arm-none-eabi/lib/thumb/v7e-m+fp/hard/libc_nano.a(libc_a-init.o)
                              /home/jklebes/.local/arm-gnu-toolchain-13.2.Rel1-x86_64-arm-none-eabi/bin/../lib/gcc/arm-none-eabi/13.2.1/../../../../arm-none-eabi/lib/thumb/v7e-m+fp/hard/crt0.o (__libc_init_array)
/home/jklebes/.local/arm-gnu-toolchain-13.2.Rel1-x86_64-arm-none-eabi/bin/../lib/gcc/arm-none-eabi/13.2.1/../../../../arm-none-eabi/lib/thumb/v7e-m+fp/hard/libc_nano.a(libc_a-memcpy-stub.o)
                              ./objects/audioMoth.o (memcpy)
/home/jklebes/.local/arm-gnu-toolchain-13.2.Rel1-x86_64-arm-none-eabi/bin/../lib/gcc/arm-none-eabi/13.2.1/../../../../arm-none-eabi/lib/thumb/v7e-m+fp/hard/libc_nano.a(libc_a-findfp.o)
                              /home/jklebes/.local/arm-gnu-toolchain-13.2.Rel1-x86_64-arm-none-eabi/bin/../lib/gcc/arm-none-eabi/13.2.1/../../../../arm-none-eabi/lib/thumb/v7e-m+fp/hard/libc_nano.a(libc_a-exit.o) (__stdio_exit_handler)
/home/jklebes/.local/arm-gnu-toolchain-13.2.Rel1-x86_64-arm-none-eabi/bin/../lib/gcc/arm-none-eabi/13.2.1/../../../../arm-none-eabi/lib/thumb/v7e-m+fp/hard/libc_nano.a(libc_a-stdio.o)
                              /home/jklebes/.local/arm-gnu-toolchain-13.2.Rel1-x86_64-arm-none-eabi/bin/../lib/gcc/arm-none-eabi/13.2.1/../../../../arm-none-eabi/lib/thumb/v7e-m+fp/hard/libc_nano.a(libc_a-findfp.o) (__sread)
/home/jklebes/.local/arm-gnu-toolchain-13.2.Rel1-x86_64-arm-none-eabi/bin/../lib/gcc/arm-none-eabi/13.2.1/../../../../arm-none-eabi/lib/thumb/v7e-m+fp/hard/libc_nano.a(libc_a-readr.o)
                              /home/jklebes/.local/arm-gnu-toolchain-13.2.Rel1-x86_64-arm-none-eabi/bin/../lib/gcc/arm-none-eabi/13.2.1/../../../../arm-none-eabi/lib/thumb/v7e-m+fp/hard/libc_nano.a(libc_a-stdio.o) (_read_r)
/home/jklebes/.local/arm-gnu-toolchain-13.2.Rel1-x86_64-arm-none-eabi/bin/../lib/gcc/arm-none-eabi/13.2.1/../../../../arm-none-eabi/lib/thumb/v7e-m+fp/hard/libc_nano.a(libc_a-gmtime_r.o)
                              ./objects/audioMoth.o (gmtime_r)
/home/jklebes/.local/arm-gnu-toolchain-13.2.Rel1-x86_64-arm-none-eabi/bin/../lib/gcc/arm-none-eabi/13.2.1/../../../../arm-none-eabi/lib/thumb/v7e-m+fp/hard/libc_nano.a(libc_a-writer.o)
                              /home/jklebes/.local/arm-gnu-toolchain-13.2.Rel1-x86_64-arm-none-eabi/bin/../lib/gcc/arm-none-eabi/13.2.1/../../../../arm-none-eabi/lib/thumb/v7e-m+fp/hard/libc_nano.a(libc_a-stdio.o) (_write_r)
/home/jklebes/.local/arm-gnu-toolchain-13.2.Rel1-x86_64-arm-none-eabi/bin/../lib/gcc/arm-none-eabi/13.2.1/../../../../arm-none-eabi/lib/thumb/v7e-m+fp/hard/libc_nano.a(libc_a-fwalk.o)
                              /home/jklebes/.local/arm-gnu-toolchain-13.2.Rel1-x86_64-arm-none-eabi/bin/../lib/gcc/arm-none-eabi/13.2.1/../../../../arm-none-eabi/lib/thumb/v7e-m+fp/hard/libc_nano.a(libc_a-findfp.o) (_fwalk_sglue)
/home/jklebes/.local/arm-gnu-toolchain-13.2.Rel1-x86_64-arm-none-eabi/bin/../lib/gcc/arm-none-eabi/13.2.1/../../../../arm-none-eabi/lib/thumb/v7e-m+fp/hard/libc_nano.a(libc_a-memset.o)
                              /home/jklebes/.local/arm-gnu-toolchain-13.2.Rel1-x86_64-arm-none-eabi/bin/../lib/gcc/arm-none-eabi/13.2.1/../../../../arm-none-eabi/lib/thumb/v7e-m+fp/hard/crt0.o (memset)
[...]
Memory Configuration

Name             Origin             Length             Attributes
FLASH            0x00004000         0x0003c000         xr
RAM              0x20000000         0x00008000         xrw
*default*        0x00000000         0xffffffff

Linker script and memory map

LOAD /home/jklebes/.local/arm-gnu-toolchain-13.2.Rel1-x86_64-arm-none-eabi/bin/../lib/gcc/arm-none-eabi/13.2.1/thumb/v7e-m+fp/hard/crti.o
LOAD /home/jklebes/.local/arm-gnu-toolchain-13.2.Rel1-x86_64-arm-none-eabi/bin/../lib/gcc/arm-none-eabi/13.2.1/thumb/v7e-m+fp/hard/crtbegin.o
LOAD /home/jklebes/.local/arm-gnu-toolchain-13.2.Rel1-x86_64-arm-none-eabi/bin/../lib/gcc/arm-none-eabi/13.2.1/../../../../arm-none-eabi/lib/thumb/v7e-m+fp/hard/crt0.o
LOAD ./objects/audioMoth.o
LOAD ./objects/diskio.o
LOAD ./objects/dmactrl.o
LOAD ./objects/em_acmp.o
LOAD ./objects/em_adc.o
LOAD ./objects/em_aes.o
LOAD ./objects/em_assert.o
LOAD ./objects/em_burtc.o
LOAD ./objects/em_can.o
LOAD ./objects/em_cmu.o
LOAD ./objects/em_core.o
LOAD ./objects/em_cryotimer.o
LOAD ./objects/em_crypto.o
LOAD ./objects/em_csen.o
LOAD ./objects/em_dac.o
LOAD ./objects/em_dbg.o
LOAD ./objects/em_dma.o
LOAD ./objects/em_ebi.o
LOAD ./objects/em_emu.o
LOAD ./objects/em_gpcrc.o
LOAD ./objects/em_gpio.o
LOAD ./objects/em_i2c.o
LOAD ./objects/em_idac.o
LOAD ./objects/em_lcd.o
LOAD ./objects/em_ldma.o
LOAD ./objects/em_lesense.o
LOAD ./objects/em_letimer.o
LOAD ./objects/em_leuart.o
LOAD ./objects/em_mpu.o
LOAD ./objects/em_msc.o
LOAD ./objects/em_opamp.o
LOAD ./objects/em_pcnt.o
LOAD ./objects/em_prs.o
LOAD ./objects/em_qspi.o
LOAD ./objects/em_rmu.o
LOAD ./objects/em_rtc.o
LOAD ./objects/em_rtcc.o
LOAD ./objects/em_system.o
LOAD ./objects/em_timer.o
LOAD ./objects/em_usart.o
LOAD ./objects/em_usbd.o
LOAD ./objects/em_usbdch9.o
LOAD ./objects/em_usbdep.o
LOAD ./objects/em_usbdint.o
LOAD ./objects/em_usbhal.o
LOAD ./objects/em_usbtimer.o
LOAD ./objects/em_vcmp.o
LOAD ./objects/em_vdac.o
LOAD ./objects/em_wdog.o
LOAD ./objects/ff.o
LOAD ./objects/ffunicode.o
LOAD ./objects/main.o
LOAD ./objects/microsd.o
LOAD ./objects/startup_efm32wg.o
LOAD ./objects/system_efm32wg.o
LOAD /home/jklebes/.local/arm-gnu-toolchain-13.2.Rel1-x86_64-arm-none-eabi/bin/../lib/gcc/arm-none-eabi/13.2.1/../../../../arm-none-eabi/lib/thumb/v7e-m+fp/hard/libm.a
START GROUP
LOAD /home/jklebes/.local/arm-gnu-toolchain-13.2.Rel1-x86_64-arm-none-eabi/bin/../lib/gcc/arm-none-eabi/13.2.1/thumb/v7e-m+fp/hard/libgcc.a
LOAD /home/jklebes/.local/arm-gnu-toolchain-13.2.Rel1-x86_64-arm-none-eabi/bin/../lib/gcc/arm-none-eabi/13.2.1/../../../../arm-none-eabi/lib/thumb/v7e-m+fp/hard/libc_nano.a
LOAD /home/jklebes/.local/arm-gnu-toolchain-13.2.Rel1-x86_64-arm-none-eabi/bin/../lib/gcc/arm-none-eabi/13.2.1/../../../../arm-none-eabi/lib/thumb/v7e-m+fp/hard/libnosys.a
END GROUP
START GROUP
LOAD /home/jklebes/.local/arm-gnu-toolchain-13.2.Rel1-x86_64-arm-none-eabi/bin/../lib/gcc/arm-none-eabi/13.2.1/thumb/v7e-m+fp/hard/libgcc.a
LOAD /home/jklebes/.local/arm-gnu-toolchain-13.2.Rel1-x86_64-arm-none-eabi/bin/../lib/gcc/arm-none-eabi/13.2.1/../../../../arm-none-eabi/lib/thumb/v7e-m+fp/hard/libc_nano.a
END GROUP
START GROUP
LOAD /home/jklebes/.local/arm-gnu-toolchain-13.2.Rel1-x86_64-arm-none-eabi/bin/../lib/gcc/arm-none-eabi/13.2.1/thumb/v7e-m+fp/hard/libgcc.a
LOAD /home/jklebes/.local/arm-gnu-toolchain-13.2.Rel1-x86_64-arm-none-eabi/bin/../lib/gcc/arm-none-eabi/13.2.1/../../../../arm-none-eabi/lib/thumb/v7e-m+fp/hard/libc_nano.a
END GROUP
LOAD /home/jklebes/.local/arm-gnu-toolchain-13.2.Rel1-x86_64-arm-none-eabi/bin/../lib/gcc/arm-none-eabi/13.2.1/thumb/v7e-m+fp/hard/crtend.o
LOAD /home/jklebes/.local/arm-gnu-toolchain-13.2.Rel1-x86_64-arm-none-eabi/bin/../lib/gcc/arm-none-eabi/13.2.1/thumb/v7e-m+fp/hard/crtn.o

.text           0x00004000     0x7064
 *(.vectors)
 .vectors       0x00004000       0xe0 ./objects/startup_efm32wg.o
                0x00004000                __Vectors
                0x000040e0                        __Vectors_End = .
                0x000040e0                        __Vectors_Size = (__Vectors_End - __Vectors)
                0x200008a0                        __end__ = .
 *(.text*)
 .text.deregister_tm_clones
                0x000040e0       0x1c /home/jklebes/.local/arm-gnu-toolchain-13.2.Rel1-x86_64-arm-none-eabi/bin/../lib/gcc/arm-none-eabi/13.2.1/thumb/v7e-m+fp/hard/crtbegin.o
 .text.register_tm_clones
                0x000040fc       0x24 /home/jklebes/.local/arm-gnu-toolchain-13.2.Rel1-x86_64-arm-none-eabi/bin/../lib/gcc/arm-none-eabi/13.2.1/thumb/v7e-m+fp/hard/crtbegin.o
 .text.__do_global_dtors_aux
                0x00004120       0x28 /home/jklebes/.local/arm-gnu-toolchain-13.2.Rel1-x86_64-arm-none-eabi/bin/../lib/gcc/arm-none-eabi/13.2.1/thumb/v7e-m+fp/hard/crtbegin.o
 .text.frame_dummy
                0x00004148       0x24 /home/jklebes/.local/arm-gnu-toolchain-13.2.Rel1-x86_64-arm-none-eabi/bin/../lib/gcc/arm-none-eabi/13.2.1/thumb/v7e-m+fp/hard/crtbegin.o
 .text          0x0000416c       0x7c /home/jklebes/.local/arm-gnu-toolchain-13.2.Rel1-x86_64-arm-none-eabi/bin/../lib/gcc/arm-none-eabi/13.2.1/../../../../arm-none-eabi/lib/thumb/v7e-m+fp/hard/crt0.o
                0x0000416c                _stack_init
                0x00004174                _mainCRTStartup
                0x00004174                _start
 .text.setupGPIO
                0x000041e8      0x53c ./objects/audioMoth.o
 *fill*         0x00004724        0x4 
 .text.enableEBI
                0x00004728      0x1cc ./objects/audioMoth.o
 .text.dataSentHIDCallback
                0x000048f4       0x1c ./objects/audioMoth.o
                0x000048f4                dataSentHIDCallback
 .text.dataSentWebUSBCallback
                0x00004910       0x1c ./objects/audioMoth.o
                0x00004910                dataSentWebUSBCallback
 .text.setupCmd
                0x0000492c       0xd0 ./objects/audioMoth.o
                0x0000492c                setupCmd
 .text.stateChange
                0x000049fc       0x44 ./objects/audioMoth.o
                0x000049fc                stateChange
 .text.AudioMoth_delay.part.0
                0x00004a40       0xd0 ./objects/audioMoth.o
 .text.AudioMoth_getExtendedBatteryState.part.0
                0x00004b10       0xf8 ./objects/audioMoth.o
 .text.AudioMoth_initialise
                0x00004c08      0x2f4 ./objects/audioMoth.o
                0x00004c08                AudioMoth_initialise
 .text.RTC_IRQHandler
                0x00004efc       0x1c ./objects/audioMoth.o
                0x00004efc                RTC_IRQHandler
 .text.GPIO_EVEN_IRQHandler
                0x00004f18       0x34 ./objects/audioMoth.o
                0x00004f18                GPIO_EVEN_IRQHandler
 .text.ADC0_IRQHandler
                0x00004f4c       0x28 ./objects/audioMoth.o
                0x00004f4c                ADC0_IRQHandler
 .text.TIMER1_IRQHandler
                0x00004f74       0x1c ./objects/audioMoth.o
                0x00004f74                TIMER1_IRQHandler
 .text.AudioMoth_delay
                0x00004f90        0x8 ./objects/audioMoth.o
                0x00004f90                AudioMoth_delay
 .text.AudioMoth_powerDownAndWakeMilliseconds
                0x00004f98       0x50 ./objects/audioMoth.o
                0x00004f98                AudioMoth_powerDownAndWakeMilliseconds
 .text.AudioMoth_powerDownAndWake
                0x00004fe8       0x68 ./objects/audioMoth.o
                0x00004fe8                AudioMoth_powerDownAndWake
 .text.AudioMoth_getSupplyVoltage
                0x00005050       0x94 ./objects/audioMoth.o
                0x00005050                AudioMoth_getSupplyVoltage
 .text.handleUSBPacket
                0x000050e4      0x2e0 ./objects/audioMoth.o
                0x000050e4                handleUSBPacket
 .text.dataReceivedHIDCallback
                0x000053c4       0x20 ./objects/audioMoth.o
                0x000053c4                dataReceivedHIDCallback
 .text.dataReceivedWebUSBCallback
                0x000053e4       0x20 ./objects/audioMoth.o
                0x000053e4                dataReceivedWebUSBCallback
 .text.AudioMoth_getSwitchPosition
                0x00005404       0x44 ./objects/audioMoth.o
                0x00005404                AudioMoth_getSwitchPosition
 .text.AudioMoth_setBothLED
                0x00005448       0x20 ./objects/audioMoth.o
                0x00005448                AudioMoth_setBothLED
 .text.AudioMoth_handleUSB
                0x00005468      0x4b4 ./objects/audioMoth.o
                0x00005468                AudioMoth_handleUSB
 .text.ACMP_Disable
                0x0000591c        0xc ./objects/em_acmp.o
                0x0000591c                ACMP_Disable
 .text.ACMP_Enable
                0x00005928        0xc ./objects/em_acmp.o
                0x00005928                ACMP_Enable
 .text.ACMP_ChannelSet
                0x00005934       0x10 ./objects/em_acmp.o
                0x00005934                ACMP_ChannelSet
 .text.ACMP_Init
                0x00005944       0x5c ./objects/em_acmp.o
                0x00005944                ACMP_Init
 .text.ADC_Init
                0x000059a0       0x7c ./objects/em_adc.o
                0x000059a0                ADC_Init
 .text.ADC_InitSingle
                0x00005a1c       0xf8 ./objects/em_adc.o
                0x00005a1c                ADC_InitSingle
 .text.ADC_Reset
                0x00005b14       0x80 ./objects/em_adc.o
                0x00005b14                ADC_Reset
 .text.BURTC_Init
                0x00005b94       0x80 ./objects/em_burtc.o
                0x00005b94                BURTC_Init
 .text.BURTC_CompareSet
                0x00005c14       0x20 ./objects/em_burtc.o
                0x00005c14                BURTC_CompareSet
 .text.lfClkGet
                0x00005c34      0x13c ./objects/em_cmu.o
 .text.CMU_ClockDivSet
                0x00005d70      0x334 ./objects/em_cmu.o
                0x00005d70                CMU_ClockDivSet
 .text.CMU_ClockEnable
                0x000060a4       0xc0 ./objects/em_cmu.o
                0x000060a4                CMU_ClockEnable
 .text.CMU_ClockFreqGet
                0x00006164      0x1ec ./objects/em_cmu.o
                0x00006164                CMU_ClockFreqGet
 .text.CMU_ClockSelectGet
                0x00006350       0xc0 ./objects/em_cmu.o
                0x00006350                CMU_ClockSelectGet
 .text.CMU_ClockSelectSet
                0x00006410      0x334 ./objects/em_cmu.o
                0x00006410                CMU_ClockSelectSet
 .text.CMU_OscillatorEnable
                0x00006744       0x50 ./objects/em_cmu.o
                0x00006744                CMU_OscillatorEnable
 .text.CORE_AtomicDisableIrq
                0x00006794        0x4 ./objects/em_core.o
                0x00006794                CORE_AtomicDisableIrq
 .text.CORE_AtomicEnableIrq
                0x00006798        0x4 ./objects/em_core.o
                0x00006798                CORE_AtomicEnableIrq
 .text.CORE_EnterAtomic
                0x0000679c        0x8 ./objects/em_core.o
                0x0000679c                CORE_EnterAtomic
 .text.CORE_ExitAtomic
                0x000067a4        0x8 ./objects/em_core.o
                0x000067a4                CORE_ExitAtomic
 .text.DMA_IRQHandler
                0x000067ac       0x80 ./objects/em_dma.o
                0x000067ac                DMA_IRQHandler
 .text.EBI_Init
                0x0000682c      0x6e0 ./objects/em_ebi.o
                0x0000682c                EBI_Init
 .text.EMU_EnterEM2
                0x00006f0c       0xdc ./objects/em_emu.o
                0x00006f0c                EMU_EnterEM2
 .text.EMU_EnterEM4
                0x00006fe8       0x30 ./objects/em_emu.o
                0x00006fe8                EMU_EnterEM4
 .text.EMU_EM4Init
                0x00007018       0x30 ./objects/em_emu.o
                0x00007018                EMU_EM4Init
 .text.GPIO_ExtIntConfig
                0x00007048       0x78 ./objects/em_gpio.o
                0x00007048                GPIO_ExtIntConfig
 .text.GPIO_PinModeSet
                0x000070c0       0x94 ./objects/em_gpio.o
                0x000070c0                GPIO_PinModeSet
 .text.MSC_Init
                0x00007154       0x74 ./objects/em_msc.o
                0x00007154                MSC_Init
 .text.RMU_ResetControl
                0x000071c8       0x20 ./objects/em_rmu.o
                0x000071c8                RMU_ResetControl
 .text.RMU_ResetCauseClear
                0x000071e8       0x44 ./objects/em_rmu.o
                0x000071e8                RMU_ResetCauseClear
 .text.RMU_ResetCauseGet
                0x0000722c      0x140 ./objects/em_rmu.o
                0x0000722c                RMU_ResetCauseGet
 .text.RTC_CompareSet
                0x0000736c       0x18 ./objects/em_rtc.o
                0x0000736c                RTC_CompareSet
 .text.RTC_Init
                0x00007384       0x20 ./objects/em_rtc.o
                0x00007384                RTC_Init
 .text.RTC_Reset
                0x000073a4       0x18 ./objects/em_rtc.o
                0x000073a4                RTC_Reset
 .text.TIMER_Init
                0x000073bc       0x70 ./objects/em_timer.o
                0x000073bc                TIMER_Init
 .text.TIMER_InitCC
                0x0000742c       0x5c ./objects/em_timer.o
                0x0000742c                TIMER_InitCC
 .text.TIMER_Reset
                0x00007488       0x4c ./objects/em_timer.o
                0x00007488                TIMER_Reset
 .text.USBD_AbortAllTransfers
                0x000074d4       0x1c ./objects/em_usbd.o
                0x000074d4                USBD_AbortAllTransfers
 .text.USBD_AbortTransfer
                0x000074f0       0xc0 ./objects/em_usbd.o
                0x000074f0                USBD_AbortTransfer
 .text.USBD_Disconnect
                0x000075b0       0x18 ./objects/em_usbd.o
                0x000075b0                USBD_Disconnect
 .text.USBD_GetUsbState
                0x000075c8       0x10 ./objects/em_usbd.o
                0x000075c8                USBD_GetUsbState
 .text.USBD_Init
                0x000075d8      0x28c ./objects/em_usbd.o
                0x000075d8                USBD_Init
 .text.USBD_Read
                0x00007864      0x168 ./objects/em_usbd.o
                0x00007864                USBD_Read
 .text.USBD_SafeToEnterEM2
                0x000079cc        0xc ./objects/em_usbd.o
                0x000079cc                USBD_SafeToEnterEM2
 .text.USBD_SetUsbState
                0x000079d8       0x2c ./objects/em_usbd.o
                0x000079d8                USBD_SetUsbState
 .text.USBD_Stop
                0x00007a04       0x68 ./objects/em_usbd.o
                0x00007a04                USBD_Stop
 .text.USBD_Write
                0x00007a6c      0x16c ./objects/em_usbd.o
                0x00007a6c                USBD_Write
 .text.USBDCH9_SetupCmd
                0x00007bd8      0xc44 ./objects/em_usbdch9.o
                0x00007bd8                USBDCH9_SetupCmd
 .text.USBDEP_Ep0Handler
                0x0000881c      0x32c ./objects/em_usbdep.o
                0x0000881c                USBDEP_Ep0Handler
 .text.USBDEP_EpHandler
                0x00008b48       0x68 ./objects/em_usbdep.o
                0x00008b48                USBDEP_EpHandler
 .text.RestoreEpCtrlRegisters
                0x00008bb0      0x188 ./objects/em_usbdint.o
 .text.UsbPowerUp.part.0
                0x00008d38       0xfc ./objects/em_usbdint.o
 .text.UsbPowerDown.part.0.isra.0
                0x00008e34      0x1e4 ./objects/em_usbdint.o
 .text.USB_IRQHandler
                0x00009018      0x5e8 ./objects/em_usbdint.o
                0x00009018                USB_IRQHandler
 .text.USBDHAL_CoreInit
                0x00009600      0x4f8 ./objects/em_usbhal.o
                0x00009600                USBDHAL_CoreInit
 .text.USBDHAL_Disconnect
                0x00009af8       0x1c ./objects/em_usbhal.o
                0x00009af8                USBDHAL_Disconnect
 .text.USBDHAL_AbortEpIn
                0x00009b14       0xd4 ./objects/em_usbhal.o
                0x00009b14                USBDHAL_AbortEpIn
 .text.USBDHAL_AbortEpOut
                0x00009be8      0x110 ./objects/em_usbhal.o
                0x00009be8                USBDHAL_AbortEpOut
 .text.USBDHAL_AbortAllEps
                0x00009cf8      0x898 ./objects/em_usbhal.o
                0x00009cf8                USBDHAL_AbortAllEps
 .text.USBDHAL_AbortAllTransfers
                0x0000a590       0xb4 ./objects/em_usbhal.o
                0x0000a590                USBDHAL_AbortAllTransfers
 .text.USBTIMER_DelayMs
                0x0000a644       0x84 ./objects/em_usbtimer.o
                0x0000a644                USBTIMER_DelayMs
 .text.USBTIMER_DelayUs
                0x0000a6c8       0xd0 ./objects/em_usbtimer.o
                0x0000a6c8                USBTIMER_DelayUs
 .text.USBTIMER_Init
                0x0000a798       0xcc ./objects/em_usbtimer.o
                0x0000a798                USBTIMER_Init
 .text.VCMP_Init
                0x0000a864       0xe8 ./objects/em_vcmp.o
                0x0000a864                VCMP_Init
 .text.WDOGn_Enable
                0x0000a94c       0x2c ./objects/em_wdog.o
                0x0000a94c                WDOGn_Enable
 .text.WDOGn_Feed
                0x0000a978       0x18 ./objects/em_wdog.o
                0x0000a978                WDOGn_Feed
 .text.WDOGn_Init
                0x0000a990       0x70 ./objects/em_wdog.o
                0x0000a990                WDOGn_Init
 .text.AudioMoth_handleSwitchInterrupt
                0x0000aa00        0x4 ./objects/main.o
                0x0000aa00                AudioMoth_handleSwitchInterrupt
 .text.AudioMoth_handleMicrophoneChangeInterrupt
                0x0000aa04        0x4 ./objects/main.o
                0x0000aa04                AudioMoth_handleMicrophoneChangeInterrupt
 .text.AudioMoth_handleMicrophoneInterrupt
                0x0000aa08        0x4 ./objects/main.o
                0x0000aa08                AudioMoth_handleMicrophoneInterrupt
 .text.AudioMoth_usbFirmwareVersionRequested
                0x0000aa0c        0xc ./objects/main.o
                0x0000aa0c                AudioMoth_usbFirmwareVersionRequested
 .text.AudioMoth_usbFirmwareDescriptionRequested
                0x0000aa18        0xc ./objects/main.o
                0x0000aa18                AudioMoth_usbFirmwareDescriptionRequested
 .text.AudioMoth_usbApplicationPacketRequested
                0x0000aa24        0x4 ./objects/main.o
                0x0000aa24                AudioMoth_usbApplicationPacketRequested
 .text.AudioMoth_usbApplicationPacketReceived
                0x0000aa28        0x4 ./objects/main.o
                0x0000aa28                AudioMoth_usbApplicationPacketReceived
 .text.startup.main
                0x0000aa2c       0x34 ./objects/main.o
                0x0000aa2c                main
 .text          0x0000aa60       0x30 ./objects/startup_efm32wg.o
                0x0000aa60                Reset_Handler
                0x0000aa8c                TIMER2_IRQHandler
                0x0000aa8c                DebugMon_Handler
                0x0000aa8c                USART0_TX_IRQHandler
                0x0000aa8c                I2C0_IRQHandler
                0x0000aa8c                HardFault_Handler
                0x0000aa8c                LEUART1_IRQHandler
                0x0000aa8c                SysTick_Handler
                0x0000aa8c                USART1_RX_IRQHandler
                0x0000aa8c                PendSV_Handler
                0x0000aa8c                NMI_Handler
                0x0000aa8c                I2C1_IRQHandler
                0x0000aa8c                TIMER3_IRQHandler
                0x0000aa8c                USART1_TX_IRQHandler
                0x0000aa8c                MSC_IRQHandler
                0x0000aa8c                UsageFault_Handler
                0x0000aa8c                LEUART0_IRQHandler
                0x0000aa8c                FPUEH_IRQHandler
                0x0000aa8c                UART0_TX_IRQHandler
                0x0000aa8c                UART1_TX_IRQHandler
                0x0000aa8c                TIMER0_IRQHandler
                0x0000aa8c                LCD_IRQHandler
                0x0000aa8c                PCNT2_IRQHandler
                0x0000aa8c                UART0_RX_IRQHandler
                0x0000aa8c                LETIMER0_IRQHandler
                0x0000aa8c                USART2_RX_IRQHandler
                0x0000aa8c                Default_Handler
                0x0000aa8c                EMU_IRQHandler
                0x0000aa8c                PCNT0_IRQHandler
                0x0000aa8c                BURTC_IRQHandler
                0x0000aa8c                PCNT1_IRQHandler
                0x0000aa8c                ACMP0_IRQHandler
                0x0000aa8c                USART0_RX_IRQHandler
                0x0000aa8c                MemManage_Handler
                0x0000aa8c                SVC_Handler
                0x0000aa8c                DAC0_IRQHandler
                0x0000aa8c                UART1_RX_IRQHandler
                0x0000aa8c                CMU_IRQHandler
                0x0000aa8c                EBI_IRQHandler
                0x0000aa8c                LESENSE_IRQHandler
                0x0000aa8c                GPIO_ODD_IRQHandler
                0x0000aa8c                AES_IRQHandler
                0x0000aa8c                VCMP_IRQHandler
                0x0000aa8c                BusFault_Handler
                0x0000aa8c                USART2_TX_IRQHandler
 .text.SystemCoreClockGet
                0x0000aa90       0xe0 ./objects/system_efm32wg.o
                0x0000aa90                SystemCoreClockGet
 .text.SystemMaxCoreClockGet
                0x0000ab70        0x8 ./objects/system_efm32wg.o
                0x0000ab70                SystemMaxCoreClockGet
 .text.SystemHFClockGet
                0x0000ab78       0xd0 ./objects/system_efm32wg.o
                0x0000ab78                SystemHFClockGet
 .text.SystemHFXOClockGet
                0x0000ac48        0xc ./objects/system_efm32wg.o
                0x0000ac48                SystemHFXOClockGet
 .text.SystemInit
                0x0000ac54       0x14 ./objects/system_efm32wg.o
                0x0000ac54                SystemInit
 .text.SystemLFRCOClockGet
                0x0000ac68        0x8 ./objects/system_efm32wg.o
                0x0000ac68                SystemLFRCOClockGet
 .text.SystemULFRCOClockGet
                0x0000ac70        0x8 ./objects/system_efm32wg.o
                0x0000ac70                SystemULFRCOClockGet
 .text.SystemLFXOClockGet
                0x0000ac78        0xc ./objects/system_efm32wg.o
                0x0000ac78                SystemLFXOClockGet
 .text.exit     0x0000ac84       0x24 /home/jklebes/.local/arm-gnu-toolchain-13.2.Rel1-x86_64-arm-none-eabi/bin/../lib/gcc/arm-none-eabi/13.2.1/../../../../arm-none-eabi/lib/thumb/v7e-m+fp/hard/libc_nano.a(libc_a-exit.o)
                0x0000ac84                exit
 .text.__libc_init_array
                0x0000aca8       0x48 /home/jklebes/.local/arm-gnu-toolchain-13.2.Rel1-x86_64-arm-none-eabi/bin/../lib/gcc/arm-none-eabi/13.2.1/../../../../arm-none-eabi/lib/thumb/v7e-m+fp/hard/libc_nano.a(libc_a-init.o)
                0x0000aca8                __libc_init_array
 .text.memcpy   0x0000acf0       0x1c /home/jklebes/.local/arm-gnu-toolchain-13.2.Rel1-x86_64-arm-none-eabi/bin/../lib/gcc/arm-none-eabi/13.2.1/../../../../arm-none-eabi/lib/thumb/v7e-m+fp/hard/libc_nano.a(libc_a-memcpy-stub.o)
                0x0000acf0                memcpy
 .text.memset   0x0000ad0c       0x10 /home/jklebes/.local/arm-gnu-toolchain-13.2.Rel1-x86_64-arm-none-eabi/bin/../lib/gcc/arm-none-eabi/13.2.1/../../../../arm-none-eabi/lib/thumb/v7e-m+fp/hard/libc_nano.a(libc_a-memset.o)
                0x0000ad0c                memset
 .text._exit    0x0000ad1c        0x4 /home/jklebes/.local/arm-gnu-toolchain-13.2.Rel1-x86_64-arm-none-eabi/bin/../lib/gcc/arm-none-eabi/13.2.1/../../../../arm-none-eabi/lib/thumb/v7e-m+fp/hard/libnosys.a(_exit.o)
                0x0000ad1c                _exit
 *(.init)
 .init          0x0000ad20        0x4 /home/jklebes/.local/arm-gnu-toolchain-13.2.Rel1-x86_64-arm-none-eabi/bin/../lib/gcc/arm-none-eabi/13.2.1/thumb/v7e-m+fp/hard/crti.o
                0x0000ad20                _init
 .init          0x0000ad24        0x8 /home/jklebes/.local/arm-gnu-toolchain-13.2.Rel1-x86_64-arm-none-eabi/bin/../lib/gcc/arm-none-eabi/13.2.1/thumb/v7e-m+fp/hard/crtn.o
 *(.fini)
 .fini          0x0000ad2c        0x4 /home/jklebes/.local/arm-gnu-toolchain-13.2.Rel1-x86_64-arm-none-eabi/bin/../lib/gcc/arm-none-eabi/13.2.1/thumb/v7e-m+fp/hard/crti.o
                0x0000ad2c                _fini
 .fini          0x0000ad30        0x8 /home/jklebes/.local/arm-gnu-toolchain-13.2.Rel1-x86_64-arm-none-eabi/bin/../lib/gcc/arm-none-eabi/13.2.1/thumb/v7e-m+fp/hard/crtn.o
 .fini.__stub   0x0000ad38       0x10 linker stubs
 *crtbegin.o(.ctors)
 *crtbegin?.o(.ctors)
 *(EXCLUDE_FILE(*crtend.o *crtend?.o) .ctors)
 *(SORT_BY_NAME(.ctors.*))
 *(.ctors)
 *crtbegin.o(.dtors)
 *crtbegin?.o(.dtors)
 *(EXCLUDE_FILE(*crtend.o *crtend?.o) .dtors)
 *(SORT_BY_NAME(.dtors.*))
 *(.dtors)
 *(.rodata*)
 .rodata.initstruct
                0x0000ad48       0x1c ./objects/audioMoth.o
 .rodata.callbacks
                0x0000ad64       0x14 ./objects/audioMoth.o
 .rodata.strings
                0x0000ad78       0x10 ./objects/audioMoth.o
 .rodata.bufferingMultiplier
                0x0000ad88        0x5 ./objects/audioMoth.o
 *fill*         0x0000ad8d        0x3 
 .rodata.iSerialNumber
                0x0000ad90        0xc ./objects/audioMoth.o
 .rodata.iProduct
                0x0000ad9c       0x16 ./objects/audioMoth.o
 *fill*         0x0000adb2        0x2 
 .rodata.iManufacturer
                0x0000adb4       0x34 ./objects/audioMoth.o
 .rodata.langID
                0x0000ade8        0x4 ./objects/audioMoth.o
 .rodata.configDesc
                0x0000adec       0x40 ./objects/audioMoth.o
 .rodata.deviceDesc
                0x0000ae2c       0x12 ./objects/audioMoth.o
 *fill*         0x0000ae3e        0x2 
 .rodata.MICROSOFT_Descriptor
                0x0000ae40       0xb2 ./objects/audioMoth.o
 *fill*         0x0000aef2        0x2 
 .rodata.URL_Descriptor
                0x0000aef4       0x1b ./objects/audioMoth.o
 *fill*         0x0000af0f        0x1 
 .rodata.BOS_Descriptor
                0x0000af10       0x39 ./objects/audioMoth.o
 *fill*         0x0000af49        0x3 
 .rodata.HID_Descriptor
                0x0000af4c        0x9 ./objects/audioMoth.o
 *fill*         0x0000af55        0x3 
 .rodata.HID_ReportDescriptor
                0x0000af58       0x1c ./objects/audioMoth.o
 .rodata        0x0000af74       0xaf ./objects/audioMoth.o
 *fill*         0x0000b023        0x1 
 .rodata.CSWTCH.46
                0x0000b024       0x14 ./objects/em_cmu.o
 .rodata.CSWTCH.45
                0x0000b038       0x14 ./objects/em_cmu.o
 .rodata.CSWTCH.44
                0x0000b04c       0x14 ./objects/em_cmu.o
 *(.eh_frame*)
 .eh_frame      0x0000b060        0x0 /home/jklebes/.local/arm-gnu-toolchain-13.2.Rel1-x86_64-arm-none-eabi/bin/../lib/gcc/arm-none-eabi/13.2.1/thumb/v7e-m+fp/hard/crtbegin.o
 .eh_frame      0x0000b060        0x4 /home/jklebes/.local/arm-gnu-toolchain-13.2.Rel1-x86_64-arm-none-eabi/bin/../lib/gcc/arm-none-eabi/13.2.1/thumb/v7e-m+fp/hard/crtend.o

.glue_7         0x0000b064        0x0
 .glue_7        0x0000b064        0x0 linker stubs

.glue_7t        0x0000b064        0x0
 .glue_7t       0x0000b064        0x0 linker stubs

.vfp11_veneer   0x0000b064        0x0
 .vfp11_veneer  0x0000b064        0x0 linker stubs

.v4_bx          0x0000b064        0x0
 .v4_bx         0x0000b064        0x0 linker stubs

.iplt           0x0000b064        0x0
 .iplt          0x0000b064        0x0 /home/jklebes/.local/arm-gnu-toolchain-13.2.Rel1-x86_64-arm-none-eabi/bin/../lib/gcc/arm-none-eabi/13.2.1/thumb/v7e-m+fp/hard/crtbegin.o

.ARM.extab
 *(.ARM.extab* .gnu.linkonce.armextab.*)
                0x0000b064                        __exidx_start = .

.ARM.exidx      0x0000b064        0x8
 *(.ARM.exidx* .gnu.linkonce.armexidx.*)
 .ARM.exidx     0x0000b064        0x8 /home/jklebes/.local/arm-gnu-toolchain-13.2.Rel1-x86_64-arm-none-eabi/bin/../lib/gcc/arm-none-eabi/13.2.1/../../../../arm-none-eabi/lib/thumb/v7e-m+fp/hard/crt0.o
                                 0x10 (size before relaxing)
                0x0000b06c                        __exidx_end = .
                0x0000b06c                        __etext = .

.rel.dyn        0x0000b06c        0x0
 .rel.iplt      0x0000b06c        0x0 /home/jklebes/.local/arm-gnu-toolchain-13.2.Rel1-x86_64-arm-none-eabi/bin/../lib/gcc/arm-none-eabi/13.2.1/thumb/v7e-m+fp/hard/crtbegin.o

.data           0x20000000      0x5b0 load address 0x0000b06c
                0x20000000                        __data_start__ = .
 *(vtable)
 *(.data*)
 .data.dev      0x20000000        0x4 ./objects/em_usbd.o
                0x20000000                dev
 .data.firmwareDescription
                0x20000004       0x20 ./objects/main.o
 .data.firmwareVersion
                0x20000024        0x3 ./objects/main.o
 *fill*         0x20000027        0x1 
 .data.SystemCoreClock
                0x20000028        0x4 ./objects/system_efm32wg.o
                0x20000028                SystemCoreClock
 .data.SystemLFXOClock
                0x2000002c        0x4 ./objects/system_efm32wg.o
 .data.SystemHFXOClock
                0x20000030        0x4 ./objects/system_efm32wg.o
                0x20000034                        . = ALIGN (0x4)
 *(.ram)
 .ram           0x20000034      0x130 ./objects/audioMoth.o
                0x20000118                AudioMoth_writeToFlashUserDataPage
 .ram           0x20000164      0x42c ./objects/em_msc.o
                0x20000164                MSC_WriteWord
                0x2000023c                MSC_WriteWordFast
                0x2000034c                MSC_ErasePage
                0x200003c4                MSC_MassErase
                0x200003ec                MSC_LoadWriteData
                0x20000490                MSC_WriteWordI
                0x2000053c                MSC_LoadVerifyAddress
                0x2000058c                mscRfAssertEFM
 .ram.__stub    0x20000590       0x18 linker stubs
                0x200005a8                        . = ALIGN (0x4)
                0x200005a8                        PROVIDE (__preinit_array_start = .)
 *(.preinit_array)
                0x200005a8                        PROVIDE (__preinit_array_end = .)
                0x200005a8                        . = ALIGN (0x4)
                0x200005a8                        PROVIDE (__init_array_start = .)
 *(SORT_BY_NAME(.init_array.*))
 *(.init_array)
 .init_array    0x200005a8        0x4 /home/jklebes/.local/arm-gnu-toolchain-13.2.Rel1-x86_64-arm-none-eabi/bin/../lib/gcc/arm-none-eabi/13.2.1/thumb/v7e-m+fp/hard/crtbegin.o
                0x200005ac                        PROVIDE (__init_array_end = .)
                0x200005ac                        . = ALIGN (0x4)
                [!provide]                        PROVIDE (__fini_array_start = .)
 *(SORT_BY_NAME(.fini_array.*))
 *(.fini_array)
 .fini_array    0x200005ac        0x4 /home/jklebes/.local/arm-gnu-toolchain-13.2.Rel1-x86_64-arm-none-eabi/bin/../lib/gcc/arm-none-eabi/13.2.1/thumb/v7e-m+fp/hard/crtbegin.o
                [!provide]                        PROVIDE (__fini_array_end = .)
 *(.jcr*)
                0x200005b0                        . = ALIGN (0x4)
                0x200005b0                        __data_end__ = .

.tm_clone_table
                0x200005b0        0x0 load address 0x0000b61c
 .tm_clone_table
                0x200005b0        0x0 /home/jklebes/.local/arm-gnu-toolchain-13.2.Rel1-x86_64-arm-none-eabi/bin/../lib/gcc/arm-none-eabi/13.2.1/thumb/v7e-m+fp/hard/crtbegin.o
 .tm_clone_table
                0x200005b0        0x0 /home/jklebes/.local/arm-gnu-toolchain-13.2.Rel1-x86_64-arm-none-eabi/bin/../lib/gcc/arm-none-eabi/13.2.1/thumb/v7e-m+fp/hard/crtend.o

.igot.plt       0x200005b0        0x0 load address 0x0000b61c
 .igot.plt      0x200005b0        0x0 /home/jklebes/.local/arm-gnu-toolchain-13.2.Rel1-x86_64-arm-none-eabi/bin/../lib/gcc/arm-none-eabi/13.2.1/thumb/v7e-m+fp/hard/crtbegin.o

.bss            0x200005b0      0x2ec load address 0x0000b61c
                0x200005b0                        . = ALIGN (0x4)
                0x200005b0                        __bss_start__ = .
 *(.bss*)
 .bss.completed.1
                0x200005b0        0x1 /home/jklebes/.local/arm-gnu-toolchain-13.2.Rel1-x86_64-arm-none-eabi/bin/../lib/gcc/arm-none-eabi/13.2.1/thumb/v7e-m+fp/hard/crtbegin.o
 *fill*         0x200005b1        0x3 
 .bss.object.0  0x200005b4       0x18 /home/jklebes/.local/arm-gnu-toolchain-13.2.Rel1-x86_64-arm-none-eabi/bin/../lib/gcc/arm-none-eabi/13.2.1/thumb/v7e-m+fp/hard/crtbegin.o
 .bss.shouldFlashFirmware
                0x200005cc        0x1 ./objects/audioMoth.o
 .bss.enterSerialBootloader
                0x200005cd        0x1 ./objects/audioMoth.o
 .bss.completedCalculateCRC
                0x200005ce        0x1 ./objects/audioMoth.o
 .bss.shouldCalculateCRC
                0x200005cf        0x1 ./objects/audioMoth.o
 .bss.firmwareStartAddress
                0x200005d0        0x4 ./objects/audioMoth.o
 .bss.currentCRC
                0x200005d4        0x2 ./objects/audioMoth.o
 .bss.delayTimmerRunning
                0x200005d6        0x1 ./objects/audioMoth.o
 *fill*         0x200005d7        0x1 
 .bss.transmitBuffer
                0x200005d8       0x80 ./objects/audioMoth.o
 .bss.receiveBuffer
                0x20000658       0x80 ./objects/audioMoth.o
 .bss.hfClock.0
                0x200006d8        0x1 ./objects/em_emu.o
 *fill*         0x200006d9        0x3 
 .bss.cmuStatus.1
                0x200006dc        0x4 ./objects/em_emu.o
 .bss.device    0x200006e0      0x120 ./objects/em_usbd.o
 .bss.txBuf     0x20000800        0x4 ./objects/em_usbdch9.o
 .bss.xferred.0
                0x20000804        0x4 ./objects/em_usbdep.o
 .bss.statusIn.1
                0x20000808        0x1 ./objects/em_usbdep.o
 *fill*         0x20000809        0x3 
 .bss.callback.2
                0x2000080c        0x4 ./objects/em_usbdep.o
 .bss.cmuStatus
                0x20000810        0x4 ./objects/em_usbdint.o
 .bss.x_USB_DIEPTXFS
                0x20000814       0x10 ./objects/em_usbdint.o
 .bss.x_USB_EP_DMAADDR
                0x20000824       0x10 ./objects/em_usbdint.o
 .bss.x_USB_EP_TSIZ
                0x20000834       0x10 ./objects/em_usbdint.o
 .bss.x_USB_EP_CTL
                0x20000844       0x10 ./objects/em_usbdint.o
 .bss.x_USB_PCGCCTL
                0x20000854        0x4 ./objects/em_usbdint.o
 .bss.x_USB_DOEPMSK
                0x20000858        0x4 ./objects/em_usbdint.o
 .bss.x_USB_DIEPMSK
                0x2000085c        0x4 ./objects/em_usbdint.o
 .bss.x_USB_DAINTMSK
                0x20000860        0x4 ./objects/em_usbdint.o
 .bss.x_USB_DCTL
                0x20000864        0x4 ./objects/em_usbdint.o
 .bss.x_USB_DCFG
                0x20000868        0x4 ./objects/em_usbdint.o
 .bss.x_USB_GNPTXFSIZ
                0x2000086c        0x4 ./objects/em_usbdint.o
 .bss.x_USB_GRXFSIZ
                0x20000870        0x4 ./objects/em_usbdint.o
 .bss.x_USB_GUSBCFG
                0x20000874        0x4 ./objects/em_usbdint.o
 .bss.x_USB_GAHBCFG
                0x20000878        0x4 ./objects/em_usbdint.o
 .bss.x_USB_GOTGCTL
                0x2000087c        0x4 ./objects/em_usbdint.o
 .bss.x_USB_GINTMSK
                0x20000880        0x4 ./objects/em_usbdint.o
 .bss.USBD_poweredDown
                0x20000884        0x1 ./objects/em_usbdint.o
                0x20000884                USBD_poweredDown
 *fill*         0x20000885        0x3 
 .bss.ticksPr100us
                0x20000888        0x4 ./objects/em_usbtimer.o
 .bss.ticksPr10us
                0x2000088c        0x4 ./objects/em_usbtimer.o
 .bss.ticksPr1us
                0x20000890        0x4 ./objects/em_usbtimer.o
 .bss.ticksPrMs
                0x20000894        0x4 ./objects/em_usbtimer.o
 .bss.__stdio_exit_handler
                0x20000898        0x4 /home/jklebes/.local/arm-gnu-toolchain-13.2.Rel1-x86_64-arm-none-eabi/bin/../lib/gcc/arm-none-eabi/13.2.1/../../../../arm-none-eabi/lib/thumb/v7e-m+fp/hard/libc_nano.a(libc_a-findfp.o)
                0x20000898                __stdio_exit_handler
 *(COMMON)
                0x2000089c                        . = ALIGN (0x4)
                0x2000089c                        __bss_end__ = .

.heap           0x200008a0      0xc00
                0x200008a0                        __HeapBase = .
                0x200008a0                        __end__ = .
                0x200008a0                        end = __end__
                0x200008a0                        _end = __end__
 *(.heap*)
 .heap          0x200008a0      0xc00 ./objects/startup_efm32wg.o
                0x200014a0                        __HeapLimit = .

.stack_dummy    0x200008a0      0x400
 *(.stack*)
 .stack         0x200008a0      0x400 ./objects/startup_efm32wg.o
                0x20008000                        __StackTop = (ORIGIN (RAM) + LENGTH (RAM))
                0x20007c00                        __StackLimit = (__StackTop - SIZEOF (.stack_dummy))
                0x20008000                        PROVIDE (__stack = __StackTop)
                0x00000001                        ASSERT ((__StackLimit >= __HeapLimit), RAM memory overflowed!)
                0x00000001                        ASSERT ((LENGTH (FLASH) >= (__etext + SIZEOF (.data))), FLASH memory overflowed!)
OUTPUT(audiomoth.axf elf32-littlearm)
LOAD linker stubs

.ARM.attributes
                0x00000000       0x30
 .ARM.attributes
                0x00000000       0x22 /home/jklebes/.local/arm-gnu-toolchain-13.2.Rel1-x86_64-arm-none-eabi/bin/../lib/gcc/arm-none-eabi/13.2.1/thumb/v7e-m+fp/hard/crti.o
 .ARM.attributes
                0x00000022       0x34 /home/jklebes/.local/arm-gnu-toolchain-13.2.Rel1-x86_64-arm-none-eabi/bin/../lib/gcc/arm-none-eabi/13.2.1/thumb/v7e-m+fp/hard/crtbegin.o
 .ARM.attributes
                0x00000056       0x20 /home/jklebes/.local/arm-gnu-toolchain-13.2.Rel1-x86_64-arm-none-eabi/bin/../lib/gcc/arm-none-eabi/13.2.1/../../../../arm-none-eabi/lib/thumb/v7e-m+fp/hard/crt0.o
 .ARM.attributes
                0x00000076       0x34 ./objects/audioMoth.o
 .ARM.attributes
                0x000000aa       0x34 ./objects/em_acmp.o
 .ARM.attributes
                0x000000de       0x34 ./objects/em_adc.o
 .ARM.attributes
                0x00000112       0x34 ./objects/em_burtc.o
 .ARM.attributes
                0x00000146       0x34 ./objects/em_cmu.o
 .ARM.attributes
                0x0000017a       0x34 ./objects/em_core.o
 .ARM.attributes
                0x000001ae       0x34 ./objects/em_dma.o
 .ARM.attributes
                0x000001e2       0x34 ./objects/em_ebi.o
 .ARM.attributes
                0x00000216       0x34 ./objects/em_emu.o
 .ARM.attributes
                0x0000024a       0x34 ./objects/em_gpio.o
 .ARM.attributes
                0x0000027e       0x34 ./objects/em_msc.o
 .ARM.attributes
                0x000002b2       0x34 ./objects/em_rmu.o
 .ARM.attributes
                0x000002e6       0x34 ./objects/em_rtc.o
 .ARM.attributes
                0x0000031a       0x34 ./objects/em_timer.o
 .ARM.attributes
                0x0000034e       0x34 ./objects/em_usbd.o
 .ARM.attributes
                0x00000382       0x34 ./objects/em_usbdch9.o
 .ARM.attributes
                0x000003b6       0x34 ./objects/em_usbdep.o
 .ARM.attributes
                0x000003ea       0x34 ./objects/em_usbdint.o
 .ARM.attributes
                0x0000041e       0x34 ./objects/em_usbhal.o
 .ARM.attributes
                0x00000452       0x34 ./objects/em_usbtimer.o
 .ARM.attributes
                0x00000486       0x34 ./objects/em_vcmp.o
 .ARM.attributes
                0x000004ba       0x34 ./objects/em_wdog.o
 .ARM.attributes
                0x000004ee       0x34 ./objects/main.o
 .ARM.attributes
                0x00000522       0x1f ./objects/startup_efm32wg.o
 .ARM.attributes
                0x00000541       0x34 ./objects/system_efm32wg.o
 .ARM.attributes
                0x00000575       0x34 /home/jklebes/.local/arm-gnu-toolchain-13.2.Rel1-x86_64-arm-none-eabi/bin/../lib/gcc/arm-none-eabi/13.2.1/../../../../arm-none-eabi/lib/thumb/v7e-m+fp/hard/libc_nano.a(libc_a-exit.o)
 .ARM.attributes
                0x000005a9       0x34 /home/jklebes/.local/arm-gnu-toolchain-13.2.Rel1-x86_64-arm-none-eabi/bin/../lib/gcc/arm-none-eabi/13.2.1/../../../../arm-none-eabi/lib/thumb/v7e-m+fp/hard/libc_nano.a(libc_a-init.o)
 .ARM.attributes
                0x000005dd       0x34 /home/jklebes/.local/arm-gnu-toolchain-13.2.Rel1-x86_64-arm-none-eabi/bin/../lib/gcc/arm-none-eabi/13.2.1/../../../../arm-none-eabi/lib/thumb/v7e-m+fp/hard/libc_nano.a(libc_a-memcpy-stub.o)
 .ARM.attributes
                0x00000611       0x34 /home/jklebes/.local/arm-gnu-toolchain-13.2.Rel1-x86_64-arm-none-eabi/bin/../lib/gcc/arm-none-eabi/13.2.1/../../../../arm-none-eabi/lib/thumb/v7e-m+fp/hard/libc_nano.a(libc_a-findfp.o)
 .ARM.attributes
                0x00000645       0x34 /home/jklebes/.local/arm-gnu-toolchain-13.2.Rel1-x86_64-arm-none-eabi/bin/../lib/gcc/arm-none-eabi/13.2.1/../../../../arm-none-eabi/lib/thumb/v7e-m+fp/hard/libc_nano.a(libc_a-memset.o)
 .ARM.attributes
                0x00000679       0x34 /home/jklebes/.local/arm-gnu-toolchain-13.2.Rel1-x86_64-arm-none-eabi/bin/../lib/gcc/arm-none-eabi/13.2.1/../../../../arm-none-eabi/lib/thumb/v7e-m+fp/hard/libnosys.a(_exit.o)
 .ARM.attributes
                0x000006ad       0x34 /home/jklebes/.local/arm-gnu-toolchain-13.2.Rel1-x86_64-arm-none-eabi/bin/../lib/gcc/arm-none-eabi/13.2.1/thumb/v7e-m+fp/hard/crtend.o
 .ARM.attributes
                0x000006e1       0x22 /home/jklebes/.local/arm-gnu-toolchain-13.2.Rel1-x86_64-arm-none-eabi/bin/../lib/gcc/arm-none-eabi/13.2.1/thumb/v7e-m+fp/hard/crtn.o

.comment        0x00000000       0x44
 .comment       0x00000000       0x44 ./objects/audioMoth.o
                                 0x45 (size before relaxing)
 .comment       0x00000044       0x45 ./objects/em_acmp.o
 .comment       0x00000044       0x45 ./objects/em_adc.o
 .comment       0x00000044       0x45 ./objects/em_burtc.o
 .comment       0x00000044       0x45 ./objects/em_cmu.o
 .comment       0x00000044       0x45 ./objects/em_core.o
 .comment       0x00000044       0x45 ./objects/em_dma.o
 .comment       0x00000044       0x45 ./objects/em_ebi.o
 .comment       0x00000044       0x45 ./objects/em_emu.o
 .comment       0x00000044       0x45 ./objects/em_gpio.o
 .comment       0x00000044       0x45 ./objects/em_msc.o
 .comment       0x00000044       0x45 ./objects/em_rmu.o
 .comment       0x00000044       0x45 ./objects/em_rtc.o
 .comment       0x00000044       0x45 ./objects/em_timer.o
 .comment       0x00000044       0x45 ./objects/em_usbd.o
 .comment       0x00000044       0x45 ./objects/em_usbdch9.o
 .comment       0x00000044       0x45 ./objects/em_usbdep.o
 .comment       0x00000044       0x45 ./objects/em_usbdint.o
 .comment       0x00000044       0x45 ./objects/em_usbhal.o
 .comment       0x00000044       0x45 ./objects/em_usbtimer.o
 .comment       0x00000044       0x45 ./objects/em_vcmp.o
 .comment       0x00000044       0x45 ./objects/em_wdog.o
 .comment       0x00000044       0x45 ./objects/main.o
 .comment       0x00000044       0x45 ./objects/system_efm32wg.o

.debug_line_str
                0x00000000       0xcf
 .debug_line_str
                0x00000000       0xcf /home/jklebes/.local/arm-gnu-toolchain-13.2.Rel1-x86_64-arm-none-eabi/bin/../lib/gcc/arm-none-eabi/13.2.1/../../../../arm-none-eabi/lib/thumb/v7e-m+fp/hard/crt0.o

.debug_frame    0x00000000      0x200
 .debug_frame   0x00000000       0x28 /home/jklebes/.local/arm-gnu-toolchain-13.2.Rel1-x86_64-arm-none-eabi/bin/../lib/gcc/arm-none-eabi/13.2.1/../../../../arm-none-eabi/lib/thumb/v7e-m+fp/hard/libc_nano.a(libc_a-exit.o)
 .debug_frame   0x00000028       0x2c /home/jklebes/.local/arm-gnu-toolchain-13.2.Rel1-x86_64-arm-none-eabi/bin/../lib/gcc/arm-none-eabi/13.2.1/../../../../arm-none-eabi/lib/thumb/v7e-m+fp/hard/libc_nano.a(libc_a-init.o)
 .debug_frame   0x00000054       0x28 /home/jklebes/.local/arm-gnu-toolchain-13.2.Rel1-x86_64-arm-none-eabi/bin/../lib/gcc/arm-none-eabi/13.2.1/../../../../arm-none-eabi/lib/thumb/v7e-m+fp/hard/libc_nano.a(libc_a-memcpy-stub.o)
 .debug_frame   0x0000007c      0x144 /home/jklebes/.local/arm-gnu-toolchain-13.2.Rel1-x86_64-arm-none-eabi/bin/../lib/gcc/arm-none-eabi/13.2.1/../../../../arm-none-eabi/lib/thumb/v7e-m+fp/hard/libc_nano.a(libc_a-findfp.o)
 .debug_frame   0x000001c0       0x20 /home/jklebes/.local/arm-gnu-toolchain-13.2.Rel1-x86_64-arm-none-eabi/bin/../lib/gcc/arm-none-eabi/13.2.1/../../../../arm-none-eabi/lib/thumb/v7e-m+fp/hard/libc_nano.a(libc_a-memset.o)
 .debug_frame   0x000001e0       0x20 /home/jklebes/.local/arm-gnu-toolchain-13.2.Rel1-x86_64-arm-none-eabi/bin/../lib/gcc/arm-none-eabi/13.2.1/../../../../arm-none-eabi/lib/thumb/v7e-m+fp/hard/libnosys.a(_exit.o)
